Traceback (most recent call last):
  File "C:\Users\chauh\Downloads\honeypot-api---Copy-main\honeypot-api---Copy-main\test_final_evaluation.py", line 307, in <module>
    final_score = tester.run_all_tests()
                  ^^^^^^^^^^^^^^^^^^^^^^
  File "C:\Users\chauh\Downloads\honeypot-api---Copy-main\honeypot-api---Copy-main\test_final_evaluation.py", line 204, in run_all_tests
    print("\n" + "\U0001f680"*50)
  File "C:\Users\chauh\AppData\Local\Programs\Python\Python312\Lib\encodings\cp1252.py", line 19, in encode
    return codecs.charmap_encode(input,self.errors,encoding_table)[0]
           ^^^^^^^^^^^^^^^^^^^^^^^^^^^^^^^^^^^^^^^^^^^^^^^^^^^^^^^
UnicodeEncodeError: 'charmap' codec can't encode characters in position 2-51: character maps to <undefined>
